<html>
<body>
<pre>
<h1>µVision Build Log</h1>
<h2>Tool Versions:</h2>
IDE-Version: ¥ìVision V5.28.0.0
Copyright (C) 2019 ARM Ltd and ARM Germany GmbH. All rights reserved.
License Information: youngeun kim, kwangwoon, LIC=----
 
Tool Versions:
Toolchain:       MDK-Lite  Version: 5.28.0.0
Toolchain Path:  C:\Keil_v5\ARM\ARMCC\Bin
C Compiler:      Armcc.exe V5.06 update 6 (build 750)
Assembler:       Armasm.exe V5.06 update 6 (build 750)
Linker/Locator:  ArmLink.exe V5.06 update 6 (build 750)
Library Manager: ArmAr.exe V5.06 update 6 (build 750)
Hex Converter:   FromElf.exe V5.06 update 6 (build 750)
CPU DLL:         SARM.DLL V5.28.0.0
Dialog DLL:      DARMP3.DLL 
<h2>Project:</h2>
C:\Users\user\Desktop\°á°úÁ¦Ãâ_±Ý_2018202037_±è¿µÀº\project\matrix.uvproj
Project File Date:  11/18/2019

<h2>Output:</h2>
*** Using Compiler 'V5.06 update 6 (build 750)', folder: 'C:\Keil_v5\ARM\ARMCC\Bin'
Build target 'Target 1'
assembling matrix.s...
matrix.s(410): warning: A1865W: '#' not seen before constant expression
matrix.s(411): warning: A1865W: '#' not seen before constant expression
matrix.s(114): warning: A1608W: MOV pc,<rn> instruction used, but BX <rn> is preferred
matrix.s(224): warning: A1608W: MOV pc,<rn> instruction used, but BX <rn> is preferred
matrix.s(232): warning: A1608W: MOV pc,<rn> instruction used, but BX <rn> is preferred
matrix.s(245): warning: A1608W: MOV pc,<rn> instruction used, but BX <rn> is preferred
matrix.s(282): warning: A1608W: MOV pc,<rn> instruction used, but BX <rn> is preferred
matrix.s(284): warning: A1608W: MOV pc,<rn> instruction used, but BX <rn> is preferred
matrix.s(357): warning: A1608W: MOV pc,<rn> instruction used, but BX <rn> is preferred
matrix.s(406): warning: A1608W: MOV pc,<rn> instruction used, but BX <rn> is preferred
matrix.s(412): warning: A1608W: MOV pc,<rn> instruction used, but BX <rn> is preferred
matrix.s(476): warning: A1608W: MOV pc,<rn> instruction used, but BX <rn> is preferred
linking...
Program Size: Code=3212 RO-data=0 RW-data=0 ZI-data=0  
".\Objects\matrix.axf" - 0 Error(s), 12 Warning(s).
Build Time Elapsed:  00:00:00
</pre>
</body>
</html>
